// Jest Snapshot v1, https://goo.gl/fbAQLP

exports[`<Content/> should match snapshot 1`] = `ShallowWrapper {}`;
