// Jest Snapshot v1, https://goo.gl/fbAQLP

exports[`<LoginHeader/> should match snapshot 1`] = `
<header>
  <div
    className="header-title"
  >
    <img
      alt="logo"
      src="tkoaly2.svg"
    />
    <h1>
      Ruokav√§litys
    </h1>
  </div>
</header>
`;
