// Jest Snapshot v1, https://goo.gl/fbAQLP

exports[`renders without crashing 1`] = `
<div
  className="confirm-overlay"
>
  <div
    className="confirm"
    onKeyDown={[Function]}
    tabIndex="0"
  >
    Confirm 
    <b>
      NaN.NaN
       â‚¬
    </b>
     deposit
    <br />
    <br />
    <button
      className="btn number cancel cancelBtn"
      onClick={[Function]}
    >
      Cancel (ESC)
    </button>
    <button
      className="btn number success confirmBtn"
      onClick={[Function]}
    >
      OK (ENTER)
    </button>
  </div>
</div>
`;
