// Jest Snapshot v1, https://goo.gl/fbAQLP

exports[`<Margin /> renders correctly 1`] = `
<div
  className="margin"
  style={
    Object {
      "display": "block",
      "margin": 20,
    }
  }
>
  HelloWorld
</div>
`;
