// Jest Snapshot v1, https://goo.gl/fbAQLP

exports[`<NotificationDrawer /> renders correctly 1`] = `
<div
  className="notificationDrawer"
>
  <div />
</div>
`;
