// Jest Snapshot v1, https://goo.gl/fbAQLP

exports[`<Shadow /> renders correctly 1`] = `
<div
  className="shadow"
/>
`;
