// Jest Snapshot v1, https://goo.gl/fbAQLP

exports[`<BasicBtn /> should match snapshot 1`] = `
<button
  className="btn basic"
  onClick={null}
>
  <span
    className="btnContent"
  >
    Hello world
  </span>
</button>
`;
