// Jest Snapshot v1, https://goo.gl/fbAQLP

exports[`<HeaderBtn/> renders without crashing 1`] = `
<button
  className="btn headerbtn"
  onClick={null}
>
  <span
    className="btnContent"
  />
</button>
`;
