// Jest Snapshot v1, https://goo.gl/fbAQLP

exports[`<AutoLogout /> should match snapshot 1`] = `null`;
