// Jest Snapshot v1, https://goo.gl/fbAQLP

exports[`<Centered /> should match snapshot 1`] = `
<div
  className="centered"
/>
`;
