// Jest Snapshot v1, https://goo.gl/fbAQLP

exports[`<Margin /> should match snapshot 1`] = `ShallowWrapper {}`;
